// Jest Snapshot v1, https://goo.gl/fbAQLP

exports[`AboutPage Component should render correctly 1`] = `
<div
  className="jumbotron"
>
  <h1
    className="display-4"
  >
    About
  </h1>
  <p
    className="lead"
  >
    This is about page!.
  </p>
  <hr
    className="my-4"
  />
</div>
`;
